{
    "versions": {
        "content": [
            [
                "versions.yml:md5,6965c5f6acff9fb35d20b520fccc843e"
            ]
        ],
        "timestamp": "2023-12-09T11:50:33.50626"
    },
    "index": {
        "content": [
            [
                [
                    {
                        "id": "test"
                    },
                    "index.cobs_compact:md5,56d89956e4c2cb0f5994af9720f2d882"
                ]
            ]
        ],
        "timestamp": "2023-12-06T19:25:51.705329"
    }
}