{
    "versions": {
        "content": [
            [
                "versions.yml:md5,c7f4addaabb22c98031762d886b4e9fa"
            ]
        ],
        "timestamp": "2023-12-09T11:33:36.608968"
    },
    "index": {
        "content": [
            [
                [
                    {
                        "id": "test"
                    },
                    "index.cobs_classic:md5,1745dca38a763f0b6a6e4943d53f8b6a"
                ]
            ]
        ],
        "timestamp": "2023-12-06T18:53:19.347747"
    }
}