{
    "versions": {
        "content": [
            [
                "versions.yml:md5,f06d70e9254779cafea83c48bb2aec30"
            ]
        ],
        "timestamp": "2023-12-08T18:22:34.696369"
    },
    "index": {
        "content": [
            [
                [
                    {
                        "id": "test"
                    },
                    "index.cobs_classic:md5,1745dca38a763f0b6a6e4943d53f8b6a"
                ]
            ]
        ],
        "timestamp": "2023-12-06T18:53:19.347747"
    }
}