{
    "versions": {
        "content": [
            [
                "versions.yml:md5,bcff4ee09e1eab79e92a478301d31869"
            ]
        ],
        "timestamp": "2023-12-09T11:59:55.328031"
    },
    "matches": {
        "content": [
            [
                [
                    {
                        "id": "test"
                    },
                    "matches.gz:md5,d72afca994827384c775a8e3738f86bc"
                ]
            ]
        ],
        "timestamp": "2023-12-08T20:34:48.319928"
    }
}