{
    "sarscov2 - reads - fastq": {
        "content": [
            {
                "0": [
                    
                ],
                "1": [
                    
                ],
                "matches": [
                    
                ],
                "versions": [
                    
                ]
            }
        ],
        "timestamp": "2023-12-06T22:16:12.254824"
    }
}